  Linearize ENDF/B Cross Sections (LINEAR 2023-1)
  ------------------------------------------------------------------------------
  Retrieval Criteria-----------        MAT
  Monitor Mode-----------------        Off
  Minimum Cross Section-------- 1.0000E-30 (No longer an Input Option)
  Keep Evaluated Data Points---         No
  ------------------------------------------------------------------------------
  ENDF/B Input and Output Data Filenames
  RECENT.OUT                                                              
  LINEAR.OUT                                                              
  ------------------------------------------------------------------------------
  Requested Ranges
  ------------------------------------------------------------------------------
       Minimum       Maximum   
     MAT MF  MT    MAT MF  MT
  ------------------------------------------------------------------------------
       0  1   0  99999  3 999
  ------------------------------------------------------------------------------
  Allowable Uncertainty
  ------------------------------------------------------------------------------
      Energy Uncertainty   per-cent
  ------------------------------------------------------------------------------
  0.0         .010000000     1.0000
  ------------------------------------------------------------------------------
  Allowable Uncertainty
  ------------------------------------------------------------------------------
      Energy Uncertainty   per-cent
  ------------------------------------------------------------------------------
  0.0         .001000000     0.1000 (Default Option)
  ------------------------------------------------------------------------------
  ENDF/B Tape Label
  ------------------------------------------------------------------------------
     JENDL-5  Li-  6                                                7000
  ------------------------------------------------------------------------------
    Material    MAT  MF  MT  ENDF/B      Kelvin     Q-Value   Points   Points
                             Format                      eV       In      Out
  ------------------------------------------------------------------------------
    3-Li-6      325   3   2   6      0.0         0.0              31       31
                     WARNING - Above Cross Section Negative at    27 Energies
    3-Li-6      325   3   5   6      0.0         0.0              27       27
    3-Li-6      325   3  45   6      0.0        -3698324.00       55       55
    3-Li-6      325   3  50   6      0.0        -3975800.00       72       71
    3-Li-6      325   3  51   6      0.0        -5575800.00       50       50
    3-Li-6      325   3  52   6      0.0        -6336800.00       34       34
    3-Li-6      325   3  53   6      0.0        -6763800.00       29       28
    3-Li-6      325   3 201   6      0.0        -3790730.00       73       72
  ------------------------------------------------------------------------------
                                                 MAT Totals      371      368
  ------------------------------------------------------------------------------
 ------------------------------------------------------------------------------
 All Cross Sections Read. Maximum Tabulated Energy =  15000000.0 eV
 ------------------------------------------------------------------------------
 ===============================================================================
      MAT Total Execution Time                0.00 Seconds
 ===============================================================================
  ------------------------------------------------------------------------------
                                                Tape Totals      371      368
  ------------------------------------------------------------------------------
 ===============================================================================
 LINEAR   Total Execution Time                0.00 Seconds
 ===============================================================================
