 Calculate Cross Sections from Resonance Parameters (RECENT 2023-1)
 ==============================================================================
 Retrieval Criteria-----------        MAT
 File 2 Mimimum Cross Section- 1.0000E-30 (No Longer an Input Option)
 Reactions with No Background-     Output (Resonance Contribution)
 Calculate/Edit Mode----------  Calculate. List Resonance Parameters.  
 Negative Cross Sections------   Make = 0 (No Negative Output)     
 Monitor Mode-----------------        Off
 ==============================================================================
 ENDF/B Input and Output Data Filenames
 LINEAR.OUT                                                              
 RECENT.OUT                                                              
 ==============================================================================
 Requested MAT Ranges
 ==============================================================================
    Mimimum    Maximum
 ==============================================================================
          0       9999
 ==============================================================================
 Allowable Uncertainty
 ==============================================================================
      Energy Uncertainty   per-cent
 ==============================================================================
  0.0         1.00000000    100.000
 ==============================================================================
 File 2 Reconstruction Error
 ==============================================================================
      Energy      Error   per-cent
 ==============================================================================
  0.0         .001000000      0.100 (Default Option)
 ==============================================================================
 ENDF/B Tape Label
 ==============================================================================
    JENDL-5  Li-  6                                                7000
 ******************************************************************************
 Processing   3-Li-6     MAT=  325
 ******************************************************************************
 Based on the Format and Contents of MF/MT=1/451
 (1) ENDF/B-6  Format.
 (2) Material is NOT Fissile (LFI=0).
 (4) Projectile ZA =   2004 (Expect Neutron = 1).
 (5) Background Temperature  0.0        Kelvin.
 ******************************************************************************
 End of ENDF/B Input Data
 ******************************************************************************
 Core Allocation and Requirements
 ==============================================================================
         Sections   Nodes Parameter
                            Storage
 ==============================================================================
 Allocated    100  100000    100000
 Required       0       0         0
 ==============================================================================
 End of Run
 ==============================================================================
 ===============================================================================
 RECENT   Total Execution Time                0.00 Seconds
 ===============================================================================
